// Jest Snapshot v1, https://goo.gl/fbAQLP

exports[`Recette component should render page 1`] = `ShallowWrapper {}`;
